[2026-02-02 19:36:13,839] [INFO] test: final testing started.
[2026-02-02 19:36:13,846] [INFO] test: Recall for batch 0: 0.8181818127632141
[2026-02-02 19:36:13,849] [INFO] test: Recall for batch 1: 0.9523809552192688
[2026-02-02 19:36:13,852] [INFO] test: Recall for batch 2: 0.6000000238418579
[2026-02-02 19:36:13,853] [INFO] test: Recall on all testing data: 0.8541666865348816
